PASS producer-R2000-ascii/source-packets
PASS producer-R2000-ascii/width-presence
PASS producer-R2000-ascii/reverse
PASS producer-R2000-ascii/transform
PASS producer-R2000-ascii/lifecycle
PASS producer-R2000-ascii/common-child-guard
PASS producer-R2000-ascii/nonzero-child-z
PASS producer-R2000-ascii/degenerate/0
PASS producer-R2000-ascii/degenerate/1
PASS producer-R2000-ascii/dummy-point/0
PASS producer-R2000-ascii/dummy-point/1
PASS producer-R2000-ascii/dummy-point/2
PASS producer-R2000-ascii/dummy-point/3
PASS producer-R2000-ascii/dummy-point/4
PASS producer-R2000-ascii/dummy-point/5
PASS producer-R2000-ascii/dummy-point/6
PASS producer-R2000-binary/source-packets
PASS producer-R2000-binary/width-presence
PASS producer-R2000-binary/reverse
PASS producer-R2000-binary/transform
PASS producer-R2000-binary/lifecycle
PASS producer-R2000-binary/common-child-guard
PASS producer-R2000-binary/nonzero-child-z
PASS producer-R2000-binary/degenerate/0
PASS producer-R2000-binary/degenerate/1
PASS producer-R2000-binary/dummy-point/0
PASS producer-R2000-binary/dummy-point/1
PASS producer-R2000-binary/dummy-point/2
PASS producer-R2000-binary/dummy-point/3
PASS producer-R2000-binary/dummy-point/4
PASS producer-R2000-binary/dummy-point/5
PASS producer-R2000-binary/dummy-point/6
PASS producer-R2004-ascii/source-packets
PASS producer-R2004-ascii/width-presence
PASS producer-R2004-ascii/reverse
PASS producer-R2004-ascii/transform
PASS producer-R2004-ascii/lifecycle
PASS producer-R2004-ascii/common-child-guard
PASS producer-R2004-ascii/nonzero-child-z
PASS producer-R2004-ascii/degenerate/0
PASS producer-R2004-ascii/degenerate/1
PASS producer-R2004-ascii/dummy-point/0
PASS producer-R2004-ascii/dummy-point/1
PASS producer-R2004-ascii/dummy-point/2
PASS producer-R2004-ascii/dummy-point/3
PASS producer-R2004-ascii/dummy-point/4
PASS producer-R2004-ascii/dummy-point/5
PASS producer-R2004-ascii/dummy-point/6
PASS producer-R2004-binary/source-packets
PASS producer-R2004-binary/width-presence
PASS producer-R2004-binary/reverse
PASS producer-R2004-binary/transform
PASS producer-R2004-binary/lifecycle
PASS producer-R2004-binary/common-child-guard
PASS producer-R2004-binary/nonzero-child-z
PASS producer-R2004-binary/degenerate/0
PASS producer-R2004-binary/degenerate/1
PASS producer-R2004-binary/dummy-point/0
PASS producer-R2004-binary/dummy-point/1
PASS producer-R2004-binary/dummy-point/2
PASS producer-R2004-binary/dummy-point/3
PASS producer-R2004-binary/dummy-point/4
PASS producer-R2004-binary/dummy-point/5
PASS producer-R2004-binary/dummy-point/6
PASS producer-R2007-ascii/source-packets
PASS producer-R2007-ascii/width-presence
PASS producer-R2007-ascii/reverse
PASS producer-R2007-ascii/transform
PASS producer-R2007-ascii/lifecycle
PASS producer-R2007-ascii/common-child-guard
PASS producer-R2007-ascii/nonzero-child-z
PASS producer-R2007-ascii/degenerate/0
PASS producer-R2007-ascii/degenerate/1
PASS producer-R2007-ascii/dummy-point/0
PASS producer-R2007-ascii/dummy-point/1
PASS producer-R2007-ascii/dummy-point/2
PASS producer-R2007-ascii/dummy-point/3
PASS producer-R2007-ascii/dummy-point/4
PASS producer-R2007-ascii/dummy-point/5
PASS producer-R2007-ascii/dummy-point/6
PASS producer-R2007-binary/source-packets
PASS producer-R2007-binary/width-presence
PASS producer-R2007-binary/reverse
PASS producer-R2007-binary/transform
PASS producer-R2007-binary/lifecycle
PASS producer-R2007-binary/common-child-guard
PASS producer-R2007-binary/nonzero-child-z
PASS producer-R2007-binary/degenerate/0
PASS producer-R2007-binary/degenerate/1
PASS producer-R2007-binary/dummy-point/0
PASS producer-R2007-binary/dummy-point/1
PASS producer-R2007-binary/dummy-point/2
PASS producer-R2007-binary/dummy-point/3
PASS producer-R2007-binary/dummy-point/4
PASS producer-R2007-binary/dummy-point/5
PASS producer-R2007-binary/dummy-point/6
PASS producer-R2010-ascii/source-packets
PASS producer-R2010-ascii/width-presence
PASS producer-R2010-ascii/reverse
PASS producer-R2010-ascii/transform
PASS producer-R2010-ascii/lifecycle
PASS producer-R2010-ascii/common-child-guard
PASS producer-R2010-ascii/nonzero-child-z
PASS producer-R2010-ascii/degenerate/0
PASS producer-R2010-ascii/degenerate/1
PASS producer-R2010-ascii/dummy-point/0
PASS producer-R2010-ascii/dummy-point/1
PASS producer-R2010-ascii/dummy-point/2
PASS producer-R2010-ascii/dummy-point/3
PASS producer-R2010-ascii/dummy-point/4
PASS producer-R2010-ascii/dummy-point/5
PASS producer-R2010-ascii/dummy-point/6
PASS producer-R2010-binary/source-packets
PASS producer-R2010-binary/width-presence
PASS producer-R2010-binary/reverse
PASS producer-R2010-binary/transform
PASS producer-R2010-binary/lifecycle
PASS producer-R2010-binary/common-child-guard
PASS producer-R2010-binary/nonzero-child-z
PASS producer-R2010-binary/degenerate/0
PASS producer-R2010-binary/degenerate/1
PASS producer-R2010-binary/dummy-point/0
PASS producer-R2010-binary/dummy-point/1
PASS producer-R2010-binary/dummy-point/2
PASS producer-R2010-binary/dummy-point/3
PASS producer-R2010-binary/dummy-point/4
PASS producer-R2010-binary/dummy-point/5
PASS producer-R2010-binary/dummy-point/6
PASS producer-R2013-ascii/source-packets
PASS producer-R2013-ascii/width-presence
PASS producer-R2013-ascii/reverse
PASS producer-R2013-ascii/transform
PASS producer-R2013-ascii/lifecycle
PASS producer-R2013-ascii/common-child-guard
PASS producer-R2013-ascii/nonzero-child-z
PASS producer-R2013-ascii/degenerate/0
PASS producer-R2013-ascii/degenerate/1
PASS producer-R2013-ascii/dummy-point/0
PASS producer-R2013-ascii/dummy-point/1
PASS producer-R2013-ascii/dummy-point/2
PASS producer-R2013-ascii/dummy-point/3
PASS producer-R2013-ascii/dummy-point/4
PASS producer-R2013-ascii/dummy-point/5
PASS producer-R2013-ascii/dummy-point/6
PASS producer-R2013-binary/source-packets
PASS producer-R2013-binary/width-presence
PASS producer-R2013-binary/reverse
PASS producer-R2013-binary/transform
PASS producer-R2013-binary/lifecycle
PASS producer-R2013-binary/common-child-guard
PASS producer-R2013-binary/nonzero-child-z
PASS producer-R2013-binary/degenerate/0
PASS producer-R2013-binary/degenerate/1
PASS producer-R2013-binary/dummy-point/0
PASS producer-R2013-binary/dummy-point/1
PASS producer-R2013-binary/dummy-point/2
PASS producer-R2013-binary/dummy-point/3
PASS producer-R2013-binary/dummy-point/4
PASS producer-R2013-binary/dummy-point/5
PASS producer-R2013-binary/dummy-point/6
PASS producer-R2018-ascii/source-packets
PASS producer-R2018-ascii/width-presence
PASS producer-R2018-ascii/reverse
PASS producer-R2018-ascii/transform
PASS producer-R2018-ascii/lifecycle
PASS producer-R2018-ascii/common-child-guard
PASS producer-R2018-ascii/nonzero-child-z
PASS producer-R2018-ascii/degenerate/0
PASS producer-R2018-ascii/degenerate/1
PASS producer-R2018-ascii/dummy-point/0
PASS producer-R2018-ascii/dummy-point/1
PASS producer-R2018-ascii/dummy-point/2
PASS producer-R2018-ascii/dummy-point/3
PASS producer-R2018-ascii/dummy-point/4
PASS producer-R2018-ascii/dummy-point/5
PASS producer-R2018-ascii/dummy-point/6
PASS producer-R2018-binary/source-packets
PASS producer-R2018-binary/width-presence
PASS producer-R2018-binary/reverse
PASS producer-R2018-binary/transform
PASS producer-R2018-binary/lifecycle
PASS producer-R2018-binary/common-child-guard
PASS producer-R2018-binary/nonzero-child-z
PASS producer-R2018-binary/degenerate/0
PASS producer-R2018-binary/degenerate/1
PASS producer-R2018-binary/dummy-point/0
PASS producer-R2018-binary/dummy-point/1
PASS producer-R2018-binary/dummy-point/2
PASS producer-R2018-binary/dummy-point/3
PASS producer-R2018-binary/dummy-point/4
PASS producer-R2018-binary/dummy-point/5
PASS producer-R2018-binary/dummy-point/6
PASS native/1EF/False
PASS native/1FF/False
PASS native/1EF/True
PASS native/1FF/True
PASS fixed-topology/False/0
PASS fixed-topology/False/1
PASS fixed-topology/False/2
PASS fixed-topology/False/3
PASS fixed-topology/False/4
PASS fixed-topology/False/5
PASS fixed-topology/False/6
PASS fixed-topology/False/7
PASS owned-clone/False
PASS incoming-reference/False
PASS child-budget/False
PASS normal-plane/False
PASS fixed-topology/True/0
PASS fixed-topology/True/1
PASS fixed-topology/True/2
PASS fixed-topology/True/3
PASS fixed-topology/True/4
PASS fixed-topology/True/5
PASS fixed-topology/True/6
PASS fixed-topology/True/7
PASS owned-clone/True
PASS incoming-reference/True
PASS child-budget/True
PASS normal-plane/True
Independent legacy2D: 220/220 passed
