PASS section-manager-native-False-False.dxf
PASS section-manager-native-False-True.dxf
PASS section-manager-native-True-False.dxf
PASS section-manager-native-True-True.dxf
PASS section-manager-schema-AutoCad2007-SECTION_MANAGER-0-False.dxf
PASS section-manager-schema-AutoCad2007-SECTION_MANAGER-0-True.dxf
PASS section-manager-schema-AutoCad2007-SECTION_MANAGER-3-False.dxf
PASS section-manager-schema-AutoCad2007-SECTION_MANAGER-3-True.dxf
PASS section-manager-schema-AutoCad2007-SECTIONMANAGER-0-False.dxf
PASS section-manager-schema-AutoCad2007-SECTIONMANAGER-0-True.dxf
PASS section-manager-schema-AutoCad2007-SECTIONMANAGER-3-False.dxf
PASS section-manager-schema-AutoCad2007-SECTIONMANAGER-3-True.dxf
PASS section-manager-schema-AutoCad2010-SECTION_MANAGER-0-False.dxf
PASS section-manager-schema-AutoCad2010-SECTION_MANAGER-0-True.dxf
PASS section-manager-schema-AutoCad2010-SECTION_MANAGER-3-False.dxf
PASS section-manager-schema-AutoCad2010-SECTION_MANAGER-3-True.dxf
PASS section-manager-schema-AutoCad2010-SECTIONMANAGER-0-False.dxf
PASS section-manager-schema-AutoCad2010-SECTIONMANAGER-0-True.dxf
PASS section-manager-schema-AutoCad2010-SECTIONMANAGER-3-False.dxf
PASS section-manager-schema-AutoCad2010-SECTIONMANAGER-3-True.dxf
PASS section-manager-schema-AutoCad2013-SECTION_MANAGER-0-False.dxf
PASS section-manager-schema-AutoCad2013-SECTION_MANAGER-0-True.dxf
PASS section-manager-schema-AutoCad2013-SECTION_MANAGER-3-False.dxf
PASS section-manager-schema-AutoCad2013-SECTION_MANAGER-3-True.dxf
PASS section-manager-schema-AutoCad2013-SECTIONMANAGER-0-False.dxf
PASS section-manager-schema-AutoCad2013-SECTIONMANAGER-0-True.dxf
PASS section-manager-schema-AutoCad2013-SECTIONMANAGER-3-False.dxf
PASS section-manager-schema-AutoCad2013-SECTIONMANAGER-3-True.dxf
PASS section-manager-schema-AutoCad2018-SECTION_MANAGER-0-False.dxf
PASS section-manager-schema-AutoCad2018-SECTION_MANAGER-0-True.dxf
PASS section-manager-schema-AutoCad2018-SECTION_MANAGER-3-False.dxf
PASS section-manager-schema-AutoCad2018-SECTION_MANAGER-3-True.dxf
PASS section-manager-schema-AutoCad2018-SECTIONMANAGER-0-False.dxf
PASS section-manager-schema-AutoCad2018-SECTIONMANAGER-0-True.dxf
PASS section-manager-schema-AutoCad2018-SECTIONMANAGER-3-False.dxf
PASS section-manager-schema-AutoCad2018-SECTIONMANAGER-3-True.dxf
PASS section-manager-opaque-0-False.dxf
PASS section-manager-opaque-0-True.dxf
PASS section-manager-opaque-1-False.dxf
PASS section-manager-opaque-1-True.dxf
PASS section-manager-opaque-2-False.dxf
PASS section-manager-opaque-2-True.dxf
PASS section-manager-opaque-3-False.dxf
PASS section-manager-opaque-3-True.dxf
PASS section-manager-opaque-4-False.dxf
PASS section-manager-opaque-4-True.dxf
PASS section-manager-opaque-5-False.dxf
PASS section-manager-opaque-5-True.dxf
PASS section-manager-opaque-6-False.dxf
PASS section-manager-opaque-6-True.dxf
PASS section-manager-opaque-7-False.dxf
PASS section-manager-opaque-7-True.dxf
PASS 52 outputs, 4 exact native packets, 32 explicit schema cases, 16 opaque cases, and 160 corruption controls
